
> my-v0-project@0.1.0 build
> next build

node.exe :  ÔÜá Warning: Next.js inferred your 
workspace root, but it may not be correct.
En línea: 1 Carácter: 1
+ & "C:\Program Files\nodejs/node.exe" "C:\Program 
Files\nodejs/node_mo ...
+ ~~~~~~~~~~~~~~~~~~~~~~~~~~~~~~~~~~~~~~~~~~~~~~~~~~
~~~~~~~~~~~~~~~~~~~
    + CategoryInfo          : NotSpecified: ( ÔÜá W 
   arning: N...not be correct.:String) [], RemoteE  
  xception
    + FullyQualifiedErrorId : NativeCommandError
 
 We detected multiple lockfiles and selected the 
directory of C:\Users\estudiante\package-lock.json 
as the root directory.
 To silence this warning, set `turbopack.root` in 
your Next.js config, or consider removing one of 
the lockfiles if it's not needed.
   See https://nextjs.org/docs/app/api-reference/con
fig/next-config-js/turbopack#root-directory for 
more information.
 Detected additional lockfiles: 
   * 
C:\Users\estudiante\tdt-platform\package-lock.json

   Ôû▓ Next.js 16.0.7 (Turbopack)
   - Environments: .env.local

 ÔÜá The "middleware" file convention is 
deprecated. Please use "proxy" instead. Learn more: 
https://nextjs.org/docs/messages/middleware-to-proxy
   Creating an optimized production build ...

> Build error occurred
Error: Turbopack build failed with 2 errors:
./tdt-platform/components/trend-up/smart-growth-cons
ultant.tsx:447:29
Parsing ecmascript source code failed
[0m [90m 445 |[39m                               
  )}
 [90m 446 |[39m                             
[33m<[39m[33m/[39m[33mdiv[39m[33m>[39m
[31m[1m>[22m[39m[90m 447 |[39m                
             [33m<[39m[33m/[39m[33mmotion[39m
[33m.[39mdiv[33m>[39m
 [90m     |[39m                             
[31m[1m^[22m[39m
 [90m 448 |[39m                         )}
 [90m 449 |[39m
 [90m 450 |[39m                     {currentStep 
[33m===[39m [35m1[39m [33m&&[39m ([0m

Expression expected

Import traces:
  Client Component Browser:
    ./tdt-platform/components/trend-up/smart-growth-
consultant.tsx [Client Component Browser]
    ./tdt-platform/app/page.tsx [Client Component 
Browser]
    ./tdt-platform/app/page.tsx [Server Component]

  Client Component SSR:
    ./tdt-platform/components/trend-up/smart-growth-
consultant.tsx [Client Component SSR]
    ./tdt-platform/app/page.tsx [Client Component 
SSR]
    ./tdt-platform/app/page.tsx [Server Component]


./tdt-platform/components/trend-up/smart-growth-cons
ultant.tsx:447:30
Parsing ecmascript source code failed
[0m [90m 445 |[39m                               
  )}
 [90m 446 |[39m                             
[33m<[39m[33m/[39m[33mdiv[39m[33m>[39m
[31m[1m>[22m[39m[90m 447 |[39m                
             [33m<[39m[33m/[39m[33mmotion[39m
[33m.[39mdiv[33m>[39m
 [90m     |[39m                              [31m
[1m^[22m[39m[31m[1m^[22m[39m[31m[1m^[22m[
39m[31m[1m^[22m[39m[31m[1m^[22m[39m[31m[1m
^[22m[39m[31m[1m^[22m[39m[31m[1m^[22m[39m
[31m[1m^[22m[39m[31m[1m^[22m[39m[31m[1m^[2
2m[39m[31m[1m^[22m[39m
 [90m 448 |[39m                         )}
 [90m 449 |[39m
 [90m 450 |[39m                     {currentStep 
[33m===[39m [35m1[39m [33m&&[39m ([0m

Unterminated regexp literal

Import traces:
  Client Component Browser:
    ./tdt-platform/components/trend-up/smart-growth-
consultant.tsx [Client Component Browser]
    ./tdt-platform/app/page.tsx [Client Component 
Browser]
    ./tdt-platform/app/page.tsx [Server Component]

  Client Component SSR:
    ./tdt-platform/components/trend-up/smart-growth-
consultant.tsx [Client Component SSR]
    ./tdt-platform/app/page.tsx [Client Component 
SSR]
    ./tdt-platform/app/page.tsx [Server Component]


    at <unknown> (./tdt-platform/components/trend-up
/smart-growth-consultant.tsx:447:29)
    at <unknown> (./tdt-platform/components/trend-up
/smart-growth-consultant.tsx:447:30)
