
> my-v0-project@0.1.0 build
> next build

node.exe :  ÔÜá Warning: Next.js inferred your 
workspace root, but it may not be correct.
En línea: 1 Carácter: 1
+ & "C:\Program Files\nodejs/node.exe" "C:\Program 
Files\nodejs/node_mo ...
+ ~~~~~~~~~~~~~~~~~~~~~~~~~~~~~~~~~~~~~~~~~~~~~~~~~~
~~~~~~~~~~~~~~~~~~~
    + CategoryInfo          : NotSpecified: ( ÔÜá W 
   arning: N...not be correct.:String) [], RemoteE  
  xception
    + FullyQualifiedErrorId : NativeCommandError
 
 We detected multiple lockfiles and selected the 
directory of C:\Users\estudiante\package-lock.json 
as the root directory.
 To silence this warning, set `turbopack.root` in 
your Next.js config, or consider removing one of 
the lockfiles if it's not needed.
   See https://nextjs.org/docs/app/api-reference/con
fig/next-config-js/turbopack#root-directory for 
more information.
 Detected additional lockfiles: 
   * 
C:\Users\estudiante\tdt-platform\package-lock.json

   Ôû▓ Next.js 16.0.7 (Turbopack)
   - Environments: .env.local

 ÔÜá The "middleware" file convention is 
deprecated. Please use "proxy" instead. Learn more: 
https://nextjs.org/docs/messages/middleware-to-proxy
   Creating an optimized production build ...

> Build error occurred
Error: Turbopack build failed with 1 errors:
./tdt-platform/components/dashboard/sidebar.tsx:10:1
Module not found: Can't resolve './LevelBadge'
[0m [90m  8 |[39m [36mimport[39m { 
useState[33m,[39m useEffect } [36mfrom[39m 
[32m"react"[39m
 [90m  9 |[39m [36mimport[39m { createClient } 
[36mfrom[39m [32m"@/lib/supabase/client"[39m
[31m[1m>[22m[39m[90m 10 |[39m 
[36mimport[39m { [33mLevelBadge[39m } 
[36mfrom[39m [32m"./LevelBadge"[39m
 [90m    |[39m [31m[1m^[22m[39m[31m[1m^[22m
[39m[31m[1m^[22m[39m[31m[1m^[22m[39m[31m[
1m^[22m[39m[31m[1m^[22m[39m[31m[1m^[22m[39
m[31m[1m^[22m[39m[31m[1m^[22m[39m[31m[1m^
[22m[39m[31m[1m^[22m[39m[31m[1m^[22m[39m[3
1m[1m^[22m[39m[31m[1m^[22m[39m[31m[1m^[22m
[39m[31m[1m^[22m[39m[31m[1m^[22m[39m[31m[
1m^[22m[39m[31m[1m^[22m[39m[31m[1m^[22m[39
m[31m[1m^[22m[39m[31m[1m^[22m[39m[31m[1m^
[22m[39m[31m[1m^[22m[39m[31m[1m^[22m[39m[3
1m[1m^[22m[39m[31m[1m^[22m[39m[31m[1m^[22m
[39m[31m[1m^[22m[39m[31m[1m^[22m[39m[31m[
1m^[22m[39m[31m[1m^[22m[39m[31m[1m^[22m[39
m[31m[1m^[22m[39m[31m[1m^[22m[39m[31m[1m^
[22m[39m[31m[1m^[22m[39m[31m[1m^[22m[39m[3
1m[1m^[22m[39m[31m[1m^[22m[39m[31m[1m^[22m
[39m
 [90m 11 |[39m [36mimport[39m { getVendorStats 
} [36mfrom[39m [32m"@/lib/dashboard/stats"[39m
 [90m 12 |[39m
 [90m 13 |[39m [36minterface[39m 
[33mSidebarProps[39m [36mextends[39m [33mReact
[39m[33m.[39m[33mHTMLAttributes[39m[33m<[39m[
33mHTMLDivElement[39m[33m>[39m {[0m



Import traces:
  Client Component Browser:
    ./tdt-platform/components/dashboard/sidebar.tsx 
[Client Component Browser]
    ./tdt-platform/app/dashboard/layout.tsx [Client 
Component Browser]
    ./tdt-platform/app/dashboard/layout.tsx [Server 
Component]

  Client Component SSR:
    ./tdt-platform/components/dashboard/sidebar.tsx 
[Client Component SSR]
    ./tdt-platform/app/dashboard/layout.tsx [Client 
Component SSR]
    ./tdt-platform/app/dashboard/layout.tsx [Server 
Component]

https://nextjs.org/docs/messages/module-not-found


    at <unknown> (./tdt-platform/components/dashboar
d/sidebar.tsx:10:1)
    at <unknown> 
(https://nextjs.org/docs/messages/module-not-found)
